// Jest Snapshot v1, https://goo.gl/fbAQLP

// THIS FILE HAS BEEN MODIFIED FROM THE ORIGINAL SOURCE
// This comment only applies to modifications applied after the e633644c43a0a0271e0b6c32c382ce1db6b413c3 commit
// Copyright 2019 LogRhythm, Inc
// Licensed under the LogRhythm Global End User License Agreement,
// which can be found through this page: https://logrhythm.com/about/logrhythm-terms-and-conditions/

exports[`OptionsTab should renders OptionsTab 1`] = `
<EuiForm>
  <EuiFormRow
    describedByIds={Array []}
    fullWidth={false}
    hasEmptyLabelSpace={false}
    id="updateFiltersOnChange"
    labelType="label"
  >
    <EuiSwitch
      checked={false}
      data-test-subj="inputControlEditorUpdateFiltersOnChangeCheckbox"
      label={
        <FormattedMessage
          defaultMessage="Update NetMon-UI filters on each change"
          id="inputControl.editor.optionsTab.updateFilterLabel"
          values={Object {}}
        />
      }
      onChange={[Function]}
    />
  </EuiFormRow>
  <EuiFormRow
    describedByIds={Array []}
    fullWidth={false}
    hasEmptyLabelSpace={false}
    id="useTimeFilter"
    labelType="label"
  >
    <EuiSwitch
      checked={false}
      data-test-subj="inputControlEditorUseTimeFilterCheckbox"
      label={
        <FormattedMessage
          defaultMessage="Use time filter"
          id="inputControl.editor.optionsTab.useTimeFilterLabel"
          values={Object {}}
        />
      }
      onChange={[Function]}
    />
  </EuiFormRow>
  <EuiFormRow
    describedByIds={Array []}
    fullWidth={false}
    hasEmptyLabelSpace={false}
    id="pinFilters"
    labelType="label"
  >
    <EuiSwitch
      data-test-subj="inputControlEditorPinFiltersCheckbox"
      label={
        <FormattedMessage
          defaultMessage="Pin filters for all applications"
          id="inputControl.editor.optionsTab.pinFiltersLabel"
          values={Object {}}
        />
      }
      onChange={[Function]}
    />
  </EuiFormRow>
</EuiForm>
`;
